scripts/apply_fix.ts(34,74): error TS2551: Property 'catch' does not exist on type 'PostgrestFilterBuilder<any, any, any, any, "exec_sql", null, "RPC">'. Did you mean 'match'?
scripts/apply_fix.ts(34,87): error TS7006: Parameter 'e' implicitly has an 'any' type.
scripts/check-user-metadata.ts(38,67): error TS2551: Property 'raw_user_meta_data' does not exist on type 'User'. Did you mean 'user_metadata'?
scripts/force-sync-user-2.ts(59,34): error TS2339: Property 'current_period_end' does not exist on type 'Response<Subscription>'.
scripts/force-sync-user.ts(63,34): error TS2339: Property 'current_period_end' does not exist on type 'Response<Subscription>'.
src/app/api/stripe/manage-subscription/route.ts(119,44): error TS2339: Property 'current_period_end' does not exist on type 'Response<Subscription>'.
src/app/api/v1/feedback/route.ts(38,68): error TS18047: 'user' is possibly 'null'.
src/components/portal/PortalDashboard.tsx(93,25): error TS2322: Type '{ key: any; product: any; onBook: (product: any) => void; isWishlisted: boolean; onToggleWishlist: (id: string) => void; }' is not assignable to type 'IntrinsicAttributes & ProductCardProps'.
  Property 'onBook' does not exist on type 'IntrinsicAttributes & ProductCardProps'.
src/components/supplier/dashboard/tabs/BillingTab.tsx(7,38): error TS7031: Binding element 'supplier' implicitly has an 'any' type.
src/components/supplier/dashboard/tabs/BillingTab.tsx(7,48): error TS7031: Binding element 'user' implicitly has an 'any' type.
src/lib/stripe.ts(61,25): error TS2339: Property 'current_period_end' does not exist on type 'Response<Subscription>'.
